Γû▓ Next.js 16.2.10 (Turbopack)
- Environments: .env

npx : ΓÜá The "middleware" file convention is deprecated. Please use "proxy" instead. Learn more: 
https://nextjs.org/docs/messages/middleware-to-proxy
At line:1 char:93
+ ... ect System.Net.WebProxy($env:HTTP_PROXY); npx next build 2>&1 | Out-F ...
+                                               ~~~~~~~~~~~~~~~~~~~
    + CategoryInfo          : NotSpecified: (ΓÜá The "middle...leware-to-proxy:String) [], RemoteException
    + FullyQualifiedErrorId : NativeCommandError
 
  Creating an optimized production build ...
Γ£ô Compiled successfully in 6.2s
  Running TypeScript ...
  Finished TypeScript in 8.3s ...
  Collecting page data using 19 workers ...
  Generating static pages using 19 workers (0/55) ...
  Generating static pages using 19 workers (13/55) 
  Generating static pages using 19 workers (27/55) 
  Generating static pages using 19 workers (41/55) 
Γ£ô Generating static pages using 19 workers (55/55) in 460ms
  Finalizing page optimization ...

Route (app)
Γöî Γùï /
Γö£ Γùï /_not-found
Γö£ Γùï /admin/activity-logs
Γö£ Γùï /admin/announcements
Γö£ Γùï /admin/clearance-requirements
Γö£ Γùï /admin/dashboard
Γö£ Γùï /admin/departments
Γö£ ╞Æ /admin/departments/[departmentId]
Γö£ Γùï /admin/offices
Γö£ ╞Æ /admin/offices/[officeId]
Γö£ Γùï /admin/organizations/clubs/academic
Γö£ Γùï /admin/organizations/clubs/non-academic
Γö£ Γùï /admin/organizations/lgu
Γö£ Γùï /admin/organizations/student-government
Γö£ Γùï /admin/reports
Γö£ Γùï /admin/settings
Γö£ Γùï /admin/user-management/head-office-accounts
Γö£ Γùï /admin/user-management/students
Γö£ ╞Æ /admin/user-management/students/[studentId]
Γö£ Γùï /admin/user-management/students/batch-import
Γö£ ╞Æ /announcements/[id]
Γö£ ╞Æ /api/announcements
Γö£ ╞Æ /api/announcements/[id]
Γö£ ╞Æ /api/auth/[...nextauth]
Γö£ ╞Æ /api/auth/logout
Γö£ ╞Æ /api/clearance-records
Γö£ ╞Æ /api/clearance-records/manual-task
Γö£ ╞Æ /api/debug/reset
Γö£ ╞Æ /api/departments
Γö£ ╞Æ /api/departments/[departmentId]
Γö£ ╞Æ /api/offices
Γö£ ╞Æ /api/offices/[officeId]
Γö£ ╞Æ /api/org-members
Γö£ ╞Æ /api/orgs
Γö£ ╞Æ /api/orgs/[orgId]
Γö£ ╞Æ /api/requirements/department/[departmentId]
Γö£ ╞Æ /api/requirements/office/[officeId]
Γö£ ╞Æ /api/requirements/org/[orgId]
Γö£ ╞Æ /api/student-requirements
Γö£ ╞Æ /api/student-requirements/submit
Γö£ ╞Æ /api/students
Γö£ ╞Æ /api/students/[id]
Γö£ ╞Æ /api/submissions/[submissionId]/cancel
Γö£ ╞Æ /api/submissions/[submissionId]/evaluate
Γö£ ╞Æ /api/upload
Γö£ Γùï /department/announcements
Γö£ Γùï /department/clearance-requirements
Γö£ Γùï /department/constituents
Γö£ ╞Æ /department/constituents/[studentId]
Γö£ Γùï /department/dashboard
Γö£ Γùï /department/reports
Γö£ Γùï /department/settings
Γö£ Γùï /head-office/announcements
Γö£ Γùï /head-office/clearance-requirements
Γö£ Γùï /head-office/constituents
Γö£ ╞Æ /head-office/constituents/[studentId]
Γö£ Γùï /head-office/dashboard
Γö£ Γùï /head-office/reports
Γö£ Γùï /head-office/settings
Γö£ Γùï /login
Γö£ Γùï /manifest.webmanifest
Γö£ Γùï /org/announcements
Γö£ Γùï /org/clearance-requirements
Γö£ Γùï /org/constituents
Γö£ ╞Æ /org/constituents/[studentId]
Γö£ Γùï /org/dashboard
Γö£ Γùï /org/reports
Γö£ Γùï /org/settings
Γö£ Γùï /student/bulletin
Γö£ Γùï /student/clearance
Γö£ Γùï /student/dashboard
Γöö Γùï /student/profile


╞Æ Proxy (Middleware)

Γùï  (Static)   prerendered as static content
╞Æ  (Dynamic)  server-rendered on demand

